
> tuloy-ph@0.1.0 build
> next build

Γû▓ Next.js 16.1.6 (Turbopack)
- Environments: .env

  Creating an optimized production build ...
Γ£ô Compiled successfully in 1575.3ms
  Running TypeScript ...
  Collecting page data using 19 workers ...
  Generating static pages using 19 workers (0/10) ...
  Generating static pages using 19 workers (2/10) 
  Generating static pages using 19 workers (4/10) 
  Generating static pages using 19 workers (7/10) 
Γ£ô Generating static pages using 19 workers (10/10) in 388.3ms
  Finalizing page optimization ...

Route (app)
Γöî Γùï /
Γö£ Γùï /_not-found
Γö£ Γùï /admin
Γö£ ╞Æ /api/register
Γö£ Γùï /auth/login
Γö£ Γùï /auth/register
Γö£ Γùï /owner
Γöö Γùï /owner/add


Γùï  (Static)   prerendered as static content
╞Æ  (Dynamic)  server-rendered on demand

